// Jest Snapshot v1, https://goo.gl/fbAQLP

exports[`packageJson() should create package.json file 1`] = `
Object {
  "/": null,
  "/package.json": "{}",
}
`;

exports[`packageJson() should create package.json file at custom location 1`] = `
Object {
  "/Users/virk/code/adonisv5/mrm-core/src/files/__tests__/app": "{}",
}
`;
